2026-09-22 18:29:51,416 [INFO] features - Loading games from CSV…
2026-09-22 18:29:51,486 [INFO] features - Building team-game rows…
2026-09-22 18:29:51,506 [INFO] features - Adding rest days and rolling form…
2026-09-22 18:29:51,784 [INFO] features - Building game-level matrix + Elo…
2026-09-22 18:29:53,378 [INFO] features - Wrote 12,998 team-game rows and 6,499 game rows (119 model features) → /Users/jessicaflanagan/Downloads/nfl/processed
2026-09-22 18:30:51,504 [INFO] features - Loading games from CSV…
2026-09-22 18:30:51,562 [INFO] features - Building team-game rows…
2026-09-22 18:30:51,581 [INFO] features - Adding rest days and rolling form…
2026-09-22 18:30:51,872 [INFO] features - Building game-level matrix + Elo…
2026-09-24 10:05:58,230 [INFO] features - Loading games from CSV…
2026-09-24 10:05:58,292 [INFO] features - Building team-game rows…
2026-09-24 10:05:58,314 [INFO] features - Adding rest days and rolling form…
2026-09-24 10:05:58,602 [INFO] features - Building game-level matrix + Elo…
2026-09-24 10:06:00,160 [INFO] features - Wrote 12,998 team-game rows and 6,499 game rows (119 model features) → /Users/jessicaflanagan/Downloads/nfl/processed
2026-09-24 10:06:08,210 [INFO] features - Loading games from CSV…
2026-09-24 10:06:08,270 [INFO] features - Building team-game rows…
2026-09-24 10:06:08,293 [INFO] features - Adding rest days and rolling form…
2026-09-24 10:06:08,578 [INFO] features - Building game-level matrix + Elo…
2026-09-24 10:14:46,655 [INFO] features - Loading games from CSV…
2026-09-24 10:14:46,726 [INFO] features - Building team-game rows…
2026-09-24 10:14:46,748 [INFO] features - Adding rest days and rolling form…
2026-09-24 10:14:47,050 [INFO] features - Building game-level matrix + Elo…
2026-09-24 10:32:17,721 [INFO] features - Loading games from CSV…
2026-09-24 10:32:17,792 [INFO] features - Building team-game rows…
2026-09-24 10:32:17,813 [INFO] features - Adding rest days and rolling form…
2026-09-24 10:32:18,101 [INFO] features - Building game-level matrix + Elo…
2026-09-24 10:32:19,674 [INFO] features - Wrote 12,998 team-game rows and 6,499 game rows (119 model features) → /Users/jessicaflanagan/Downloads/nfl/processed
2026-09-24 10:32:28,594 [INFO] features - Loading games from CSV…
2026-09-24 10:32:28,650 [INFO] features - Building team-game rows…
2026-09-24 10:32:28,670 [INFO] features - Adding rest days and rolling form…
2026-09-24 10:32:28,956 [INFO] features - Building game-level matrix + Elo…
2026-09-24 10:33:39,696 [INFO] features - Loading games from CSV…
2026-09-24 10:33:39,752 [INFO] features - Building team-game rows…
2026-09-24 10:33:39,774 [INFO] features - Adding rest days and rolling form…
2026-09-24 10:33:40,083 [INFO] features - Building game-level matrix + Elo…
2026-09-24 10:34:39,313 [INFO] features - Loading games from CSV…
2026-09-24 10:34:39,369 [INFO] features - Building team-game rows…
2026-09-24 10:34:39,389 [INFO] features - Adding rest days and rolling form…
2026-09-24 10:34:39,670 [INFO] features - Building game-level matrix + Elo…
