2026-09-24 10:06:08,697 [INFO] train - 119 features | train 4530 | valid 834 | test 854 games
2026-09-24 10:06:08,726 [INFO] train -   logreg_C0.003                valid logloss=0.6376 acc=0.627
2026-09-24 10:06:08,748 [INFO] train -   logreg_C0.01                 valid logloss=0.6380 acc=0.633
2026-09-24 10:06:08,776 [INFO] train -   logreg_C0.03                 valid logloss=0.6387 acc=0.634
2026-09-24 10:06:08,815 [INFO] train -   logreg_C0.1                  valid logloss=0.6396 acc=0.639
2026-09-24 10:06:08,876 [INFO] train -   logreg_C1.0                  valid logloss=0.6418 acc=0.633
2026-09-24 10:06:12,075 [INFO] train -   rf_d4                        valid logloss=0.6337 acc=0.632
2026-09-24 10:06:15,927 [INFO] train -   rf_d6                        valid logloss=0.6339 acc=0.627
2026-09-24 10:06:17,619 [INFO] train -   hgb_lr0.03_d2_n300           valid logloss=0.6364 acc=0.619
2026-09-24 10:06:20,135 [INFO] train -   hgb_lr0.03_d3_n300           valid logloss=0.6377 acc=0.622
2026-09-24 10:06:21,318 [INFO] train -   hgb_lr0.05_d2_n200           valid logloss=0.6367 acc=0.616
2026-09-24 10:06:23,255 [INFO] train -   xgb_d2                       valid logloss=0.6366 acc=0.618
2026-09-24 10:06:25,816 [INFO] train -   xgb_d3                       valid logloss=0.6392 acc=0.620
2026-09-24 10:06:25,822 [INFO] train - Selected: rf_d4
2026-09-24 10:06:29,461 [INFO] train - test_model                 logloss=0.6305 brier=0.2201 auc=0.695 acc=0.653
2026-09-24 10:06:29,461 [INFO] train - test_baseline_elo_only     logloss=0.6350 brier=0.2220 auc=0.691 acc=0.639
2026-09-24 10:06:29,461 [INFO] train - test_baseline_home_rate    logloss=0.6888 brier=0.2478 auc=0.500 acc=0.549
2026-09-24 10:06:59,214 [INFO] train - Saved production model (trained on 6218 games, 2003-2025) → /Users/jessicaflanagan/Downloads/nfl/models
2026-09-24 10:32:29,078 [INFO] train - 119 features | train 4530 | valid 834 | test 854 games
2026-09-24 10:32:29,105 [INFO] train -   logreg_C0.003                valid logloss=0.6376 acc=0.627
2026-09-24 10:32:29,127 [INFO] train -   logreg_C0.01                 valid logloss=0.6380 acc=0.633
2026-09-24 10:32:29,154 [INFO] train -   logreg_C0.03                 valid logloss=0.6387 acc=0.634
2026-09-24 10:32:29,188 [INFO] train -   logreg_C0.1                  valid logloss=0.6396 acc=0.639
2026-09-24 10:32:29,242 [INFO] train -   logreg_C1.0                  valid logloss=0.6418 acc=0.633
2026-09-24 10:32:32,625 [INFO] train -   rf_d4                        valid logloss=0.6337 acc=0.632
2026-09-24 10:32:36,568 [INFO] train -   rf_d6                        valid logloss=0.6339 acc=0.627
2026-09-24 10:32:38,677 [INFO] train -   hgb_lr0.03_d2_n300           valid logloss=0.6364 acc=0.619
2026-09-24 10:32:42,135 [INFO] train -   hgb_lr0.03_d3_n300           valid logloss=0.6377 acc=0.622
2026-09-24 10:32:43,598 [INFO] train -   hgb_lr0.05_d2_n200           valid logloss=0.6367 acc=0.616
2026-09-24 10:32:45,602 [INFO] train -   xgb_d2                       valid logloss=0.6366 acc=0.618
2026-09-24 10:32:48,169 [INFO] train -   xgb_d3                       valid logloss=0.6392 acc=0.620
2026-09-24 10:32:48,175 [INFO] train - Selected: rf_d4
2026-09-24 10:32:51,810 [INFO] train - test_model                 logloss=0.6305 brier=0.2201 auc=0.695 acc=0.653
2026-09-24 10:32:51,811 [INFO] train - test_baseline_elo_only     logloss=0.6350 brier=0.2220 auc=0.691 acc=0.639
2026-09-24 10:32:51,811 [INFO] train - test_baseline_home_rate    logloss=0.6888 brier=0.2478 auc=0.500 acc=0.549
2026-09-24 10:33:21,710 [INFO] train - Saved production model (trained on 6218 games, 2003-2025) → /Users/jessicaflanagan/Downloads/nfl/models
